// Jest Snapshot v1, https://goo.gl/fbAQLP

exports[`components:songs:SearchTextInput renders SongButton 1`] = `
<TextInput
  autoCorrect={false}
  onSubmitEditing={[Function]}
  placeholder="Hae lauluja.."
  placeholderTextColor="#414e51"
  returnKeyType="search"
  style={
    Object {
      "borderColor": "#caccce",
      "borderWidth": 1,
      "color": "#222",
      "fontSize": 18,
      "height": 40,
      "marginVertical": 16,
      "paddingHorizontal": 8,
      "paddingVertical": 4,
    }
  }
/>
`;
